mode: set
codenerd/internal/core/shards/agents.go:31.77,38.2 1 1
codenerd/internal/core/shards/agents.go:40.41,42.2 1 0
codenerd/internal/core/shards/agents.go:44.54,48.2 3 1
codenerd/internal/core/shards/agents.go:50.59,54.2 3 0
codenerd/internal/core/shards/agents.go:56.56,58.2 1 0
codenerd/internal/core/shards/agents.go:60.39,63.9 3 1
codenerd/internal/core/shards/agents.go:64.18,64.18 0 1
codenerd/internal/core/shards/agents.go:66.10,67.18 1 1
codenerd/internal/core/shards/agents.go:69.2,70.12 2 1
codenerd/internal/core/shards/agents.go:73.58,77.2 3 0
codenerd/internal/core/shards/agents.go:79.63,83.2 3 0
codenerd/internal/core/shards/agents.go:85.71,89.2 3 0
codenerd/internal/core/shards/agents.go:91.70,92.44 1 1
codenerd/internal/core/shards/agents.go:92.44,93.16 1 1
codenerd/internal/core/shards/agents.go:93.16,95.4 1 1
codenerd/internal/core/shards/agents.go:97.2,97.14 1 1
codenerd/internal/core/shards/agents.go:101.84,103.2 1 0
codenerd/internal/core/shards/agents.go:106.48,110.2 3 0
codenerd/internal/core/shards/agents.go:115.61,116.36 1 1
codenerd/internal/core/shards/agents.go:116.36,118.3 1 0
codenerd/internal/core/shards/agents.go:120.2,126.37 3 1
codenerd/internal/core/shards/agents.go:126.37,128.47 2 1
codenerd/internal/core/shards/agents.go:128.47,130.4 1 1
codenerd/internal/core/shards/agents.go:136.2,136.62 1 1
codenerd/internal/core/shards/agents.go:136.62,138.28 2 1
codenerd/internal/core/shards/agents.go:138.28,140.4 1 1
codenerd/internal/core/shards/agents.go:141.3,141.41 1 1
codenerd/internal/core/shards/agents.go:141.41,143.4 1 1
codenerd/internal/core/shards/agents.go:149.2,149.33 1 1
codenerd/internal/core/shards/agents.go:149.33,151.46 2 1
codenerd/internal/core/shards/agents.go:151.46,153.4 1 1
codenerd/internal/core/shards/agents.go:159.2,159.32 1 1
codenerd/internal/core/shards/agents.go:159.32,161.42 2 1
codenerd/internal/core/shards/agents.go:161.42,163.4 1 1
codenerd/internal/core/shards/agents.go:169.2,169.58 1 1
codenerd/internal/core/shards/agents.go:169.58,171.26 2 1
codenerd/internal/core/shards/agents.go:171.26,173.4 1 1
codenerd/internal/core/shards/agents.go:174.3,174.36 1 1
codenerd/internal/core/shards/agents.go:174.36,176.48 2 1
codenerd/internal/core/shards/agents.go:176.48,178.5 1 1
codenerd/internal/core/shards/agents.go:185.2,185.24 1 1
codenerd/internal/core/shards/agents.go:185.24,187.30 2 1
codenerd/internal/core/shards/agents.go:187.30,189.4 1 1
codenerd/internal/core/shards/agents.go:190.3,190.29 1 1
codenerd/internal/core/shards/agents.go:190.29,192.4 1 1
codenerd/internal/core/shards/agents.go:198.2,198.36 1 1
codenerd/internal/core/shards/agents.go:198.36,200.48 2 1
codenerd/internal/core/shards/agents.go:200.48,202.23 2 1
codenerd/internal/core/shards/agents.go:202.23,204.5 1 1
codenerd/internal/core/shards/agents.go:205.4,206.60 1 1
codenerd/internal/core/shards/agents.go:213.2,213.32 1 1
codenerd/internal/core/shards/agents.go:213.32,215.44 2 1
codenerd/internal/core/shards/agents.go:215.44,217.4 1 1
codenerd/internal/core/shards/agents.go:223.2,223.65 1 1
codenerd/internal/core/shards/agents.go:223.65,225.43 2 1
codenerd/internal/core/shards/agents.go:225.43,227.4 1 1
codenerd/internal/core/shards/agents.go:228.3,228.44 1 1
codenerd/internal/core/shards/agents.go:228.44,230.4 1 1
codenerd/internal/core/shards/agents.go:236.2,236.64 1 1
codenerd/internal/core/shards/agents.go:236.64,238.46 2 1
codenerd/internal/core/shards/agents.go:238.46,240.4 1 1
codenerd/internal/core/shards/agents.go:241.3,241.46 1 1
codenerd/internal/core/shards/agents.go:241.46,243.4 1 1
codenerd/internal/core/shards/agents.go:249.2,249.70 1 1
codenerd/internal/core/shards/agents.go:249.70,253.3 3 1
codenerd/internal/core/shards/agents.go:255.2,255.20 1 1
codenerd/internal/core/shards/agents.go:259.68,261.2 1 0
codenerd/internal/core/shards/agents.go:276.71,279.24 3 0
codenerd/internal/core/shards/agents.go:279.24,281.3 1 0
codenerd/internal/core/shards/agents.go:282.2,282.56 1 0
codenerd/internal/core/shards/agents.go:282.56,284.3 1 0
codenerd/internal/core/shards/agents.go:285.2,285.12 1 0
codenerd/internal/core/shards/agents.go:296.87,299.24 3 0
codenerd/internal/core/shards/agents.go:299.24,301.3 1 0
codenerd/internal/core/shards/agents.go:302.2,302.65 1 0
codenerd/internal/core/shards/agents.go:302.65,304.3 1 0
codenerd/internal/core/shards/agents.go:305.2,305.12 1 0
codenerd/internal/core/shards/agents.go:316.73,319.24 3 0
codenerd/internal/core/shards/agents.go:319.24,321.3 1 0
codenerd/internal/core/shards/agents.go:322.2,322.57 1 0
codenerd/internal/core/shards/agents.go:322.57,324.3 1 0
codenerd/internal/core/shards/agents.go:325.2,325.12 1 0
codenerd/internal/core/shards/agents.go:336.77,339.24 3 0
codenerd/internal/core/shards/agents.go:339.24,341.3 1 0
codenerd/internal/core/shards/agents.go:342.2,342.59 1 0
codenerd/internal/core/shards/agents.go:342.59,344.3 1 0
codenerd/internal/core/shards/agents.go:345.2,345.12 1 0
codenerd/internal/core/shards/agents.go:351.57,354.24 3 0
codenerd/internal/core/shards/agents.go:354.24,356.3 1 0
codenerd/internal/core/shards/agents.go:357.2,357.62 1 0
codenerd/internal/core/shards/agents.go:357.62,359.3 1 0
codenerd/internal/core/shards/agents.go:360.2,360.14 1 0
codenerd/internal/core/shards/agents.go:376.92,377.24 1 0
codenerd/internal/core/shards/agents.go:377.24,387.3 1 0
codenerd/internal/core/shards/agents.go:388.2,391.3 1 0
codenerd/internal/core/shards/agents.go:396.81,402.32 3 0
codenerd/internal/core/shards/agents.go:402.32,407.3 2 0
codenerd/internal/core/shards/agents.go:410.2,413.6 3 0
codenerd/internal/core/shards/agents.go:413.6,414.10 1 0
codenerd/internal/core/shards/agents.go:415.21,416.45 1 0
codenerd/internal/core/shards/agents.go:417.19,418.38 1 0
codenerd/internal/core/shards/agents.go:419.27,421.23 1 0
codenerd/internal/core/shards/agents.go:421.23,425.20 1 0
codenerd/internal/core/shards/agents.go:425.20,427.6 1 0
codenerd/internal/core/shards/config.go:10.61,24.2 1 1
codenerd/internal/core/shards/config.go:27.76,45.2 1 1
codenerd/internal/core/shards/config.go:48.57,63.2 1 1
codenerd/internal/core/shards/manager.go:65.38,76.2 4 1
codenerd/internal/core/shards/manager.go:78.88,82.2 3 0
codenerd/internal/core/shards/manager.go:84.57,89.2 4 0
codenerd/internal/core/shards/manager.go:91.49,96.2 4 1
codenerd/internal/core/shards/manager.go:98.56,103.2 4 1
codenerd/internal/core/shards/manager.go:105.62,110.2 3 0
codenerd/internal/core/shards/manager.go:112.56,117.2 4 1
codenerd/internal/core/shards/manager.go:119.52,124.2 4 1
codenerd/internal/core/shards/manager.go:126.72,131.2 4 0
codenerd/internal/core/shards/manager.go:133.73,138.2 4 0
codenerd/internal/core/shards/manager.go:140.79,145.2 4 0
codenerd/internal/core/shards/manager.go:147.96,158.66 2 1
codenerd/internal/core/shards/manager.go:158.66,160.3 1 1
codenerd/internal/core/shards/manager.go:163.2,169.72 2 1
codenerd/internal/core/shards/manager.go:169.72,171.3 1 1
codenerd/internal/core/shards/manager.go:174.2,174.21 1 1
codenerd/internal/core/shards/manager.go:177.69,182.2 4 0
codenerd/internal/core/shards/manager.go:184.84,189.2 4 1
codenerd/internal/core/shards/manager.go:191.78,196.2 4 1
codenerd/internal/core/shards/manager.go:198.75,203.2 4 1
codenerd/internal/core/shards/manager.go:208.59,214.33 4 1
codenerd/internal/core/shards/manager.go:214.33,218.64 2 1
codenerd/internal/core/shards/manager.go:218.64,220.4 1 1
codenerd/internal/core/shards/manager.go:221.3,224.5 1 1
codenerd/internal/core/shards/manager.go:227.2,227.41 1 1
codenerd/internal/core/shards/manager.go:227.41,229.28 2 1
codenerd/internal/core/shards/manager.go:229.28,230.22 1 1
codenerd/internal/core/shards/manager.go:230.22,232.10 2 0
codenerd/internal/core/shards/manager.go:235.3,235.19 1 1
codenerd/internal/core/shards/manager.go:235.19,236.12 1 0
codenerd/internal/core/shards/manager.go:239.3,243.5 1 1
codenerd/internal/core/shards/manager.go:246.2,246.15 1 1
codenerd/internal/core/shards/manager.go:249.91,253.34 3 1
codenerd/internal/core/shards/manager.go:253.34,254.19 1 0
codenerd/internal/core/shards/manager.go:254.19,255.12 1 0
codenerd/internal/core/shards/manager.go:257.3,258.23 2 0
codenerd/internal/core/shards/manager.go:258.23,260.4 1 0
codenerd/internal/core/shards/manager.go:262.2,262.19 1 1
codenerd/internal/core/shards/manager.go:265.48,270.37 4 1
codenerd/internal/core/shards/manager.go:270.37,275.3 1 1
codenerd/internal/core/shards/manager.go:277.2,277.14 1 1
codenerd/internal/core/shards/manager.go:280.74,285.21 4 1
codenerd/internal/core/shards/manager.go:285.21,286.23 1 1
codenerd/internal/core/shards/manager.go:286.23,288.18 2 0
codenerd/internal/core/shards/manager.go:288.18,289.32 1 0
codenerd/internal/core/shards/manager.go:289.32,290.56 1 0
codenerd/internal/core/shards/manager.go:290.56,292.7 1 0
codenerd/internal/core/shards/manager.go:296.3,296.15 1 1
codenerd/internal/core/shards/manager.go:298.2,298.43 1 0
codenerd/internal/core/shards/manager.go:302.75,307.21 4 1
codenerd/internal/core/shards/manager.go:307.21,308.23 1 1
codenerd/internal/core/shards/manager.go:308.23,310.18 2 0
codenerd/internal/core/shards/manager.go:310.18,312.32 2 0
codenerd/internal/core/shards/manager.go:312.32,313.57 1 0
codenerd/internal/core/shards/manager.go:313.57,314.50 1 0
codenerd/internal/core/shards/manager.go:314.50,316.8 1 0
codenerd/internal/core/shards/manager.go:319.5,319.19 1 0
codenerd/internal/core/shards/manager.go:322.3,322.13 1 1
codenerd/internal/core/shards/manager.go:324.2,324.45 1 0
codenerd/internal/core/shards/manager.go:328.78,333.21 4 1
codenerd/internal/core/shards/manager.go:333.21,335.3 1 0
codenerd/internal/core/shards/manager.go:339.93,344.21 4 1
codenerd/internal/core/shards/manager.go:344.21,346.3 1 0
codenerd/internal/core/shards/manager.go:350.73,355.21 4 1
codenerd/internal/core/shards/manager.go:355.21,357.3 1 1
codenerd/internal/core/shards/manager.go:358.2,358.45 1 0
codenerd/internal/core/shards/manager_spawn.go:17.74,22.2 4 1
codenerd/internal/core/shards/manager_spawn.go:25.55,30.2 4 1
codenerd/internal/core/shards/manager_spawn.go:33.63,38.15 4 0
codenerd/internal/core/shards/manager_spawn.go:38.15,40.3 1 0
codenerd/internal/core/shards/manager_spawn.go:42.2,43.12 2 0
codenerd/internal/core/shards/manager_spawn.go:43.12,46.3 2 0
codenerd/internal/core/shards/manager_spawn.go:48.2,48.18 1 0
codenerd/internal/core/shards/manager_spawn.go:48.18,51.3 2 0
codenerd/internal/core/shards/manager_spawn.go:53.2,53.9 1 0
codenerd/internal/core/shards/manager_spawn.go:54.14,54.14 0 0
codenerd/internal/core/shards/manager_spawn.go:55.29,58.4 1 0
codenerd/internal/core/shards/manager_spawn.go:63.69,68.15 4 1
codenerd/internal/core/shards/manager_spawn.go:68.15,70.3 1 1
codenerd/internal/core/shards/manager_spawn.go:71.2,72.16 2 1
codenerd/internal/core/shards/manager_spawn.go:78.82,81.81 2 1
codenerd/internal/core/shards/manager_spawn.go:81.81,84.3 1 0
codenerd/internal/core/shards/manager_spawn.go:86.2,90.15 4 1
codenerd/internal/core/shards/manager_spawn.go:90.15,93.3 1 0
codenerd/internal/core/shards/manager_spawn.go:96.2,97.16 2 1
codenerd/internal/core/shards/manager_spawn.go:97.16,99.3 1 0
codenerd/internal/core/shards/manager_spawn.go:100.2,100.25 1 1
codenerd/internal/core/shards/manager_spawn.go:100.25,102.3 1 0
codenerd/internal/core/shards/manager_spawn.go:103.2,103.27 1 1
codenerd/internal/core/shards/manager_spawn.go:107.51,111.2 3 0
codenerd/internal/core/shards/manager_spawn.go:114.60,118.30 4 1
codenerd/internal/core/shards/manager_spawn.go:118.30,119.62 1 1
codenerd/internal/core/shards/manager_spawn.go:119.62,121.4 1 1
codenerd/internal/core/shards/manager_spawn.go:123.2,123.14 1 1
codenerd/internal/core/shards/manager_spawn.go:126.53,130.2 3 1
codenerd/internal/core/shards/manager_spawn.go:132.91,135.2 2 0
codenerd/internal/core/shards/manager_spawn.go:137.136,141.16 3 1
codenerd/internal/core/shards/manager_spawn.go:141.16,144.3 2 0
codenerd/internal/core/shards/manager_spawn.go:146.2,151.6 4 1
codenerd/internal/core/shards/manager_spawn.go:151.6,152.10 1 1
codenerd/internal/core/shards/manager_spawn.go:153.21,154.24 1 0
codenerd/internal/core/shards/manager_spawn.go:155.19,157.10 2 1
codenerd/internal/core/shards/manager_spawn.go:157.10,159.25 2 1
codenerd/internal/core/shards/manager_spawn.go:159.25,161.6 1 0
codenerd/internal/core/shards/manager_spawn.go:162.5,162.27 1 1
codenerd/internal/core/shards/manager_spawn.go:168.96,170.2 1 0
codenerd/internal/core/shards/manager_spawn.go:172.141,181.16 7 1
codenerd/internal/core/shards/manager_spawn.go:181.16,183.3 1 1
codenerd/internal/core/shards/manager_spawn.go:183.8,185.30 2 1
codenerd/internal/core/shards/manager_spawn.go:185.30,187.4 1 0
codenerd/internal/core/shards/manager_spawn.go:190.2,190.23 1 1
codenerd/internal/core/shards/manager_spawn.go:190.23,192.3 1 0
codenerd/internal/core/shards/manager_spawn.go:194.2,194.30 1 1
codenerd/internal/core/shards/manager_spawn.go:194.30,195.43 1 1
codenerd/internal/core/shards/manager_spawn.go:195.43,197.32 2 1
codenerd/internal/core/shards/manager_spawn.go:197.32,198.64 1 1
codenerd/internal/core/shards/manager_spawn.go:198.64,200.6 1 1
codenerd/internal/core/shards/manager_spawn.go:202.4,202.77 1 1
codenerd/internal/core/shards/manager_spawn.go:202.77,204.5 1 0
codenerd/internal/core/shards/manager_spawn.go:206.3,206.57 1 1
codenerd/internal/core/shards/manager_spawn.go:206.57,208.4 1 0
codenerd/internal/core/shards/manager_spawn.go:211.2,211.22 1 1
codenerd/internal/core/shards/manager_spawn.go:211.22,217.92 2 0
codenerd/internal/core/shards/manager_spawn.go:217.92,219.39 2 0
codenerd/internal/core/shards/manager_spawn.go:219.39,221.5 1 0
codenerd/internal/core/shards/manager_spawn.go:222.4,223.51 2 0
codenerd/internal/core/shards/manager_spawn.go:226.3,227.21 2 0
codenerd/internal/core/shards/manager_spawn.go:227.21,228.36 1 0
codenerd/internal/core/shards/manager_spawn.go:228.36,230.5 1 0
codenerd/internal/core/shards/manager_spawn.go:231.4,231.48 1 0
codenerd/internal/core/shards/manager_spawn.go:235.2,237.31 2 1
codenerd/internal/core/shards/manager_spawn.go:237.31,239.21 2 0
codenerd/internal/core/shards/manager_spawn.go:239.21,240.53 1 0
codenerd/internal/core/shards/manager_spawn.go:240.53,243.5 2 0
codenerd/internal/core/shards/manager_spawn.go:246.3,246.105 1 0
codenerd/internal/core/shards/manager_spawn.go:246.105,248.4 1 0
codenerd/internal/core/shards/manager_spawn.go:251.2,251.20 1 1
codenerd/internal/core/shards/manager_spawn.go:251.20,252.47 1 0
codenerd/internal/core/shards/manager_spawn.go:252.47,254.4 1 0
codenerd/internal/core/shards/manager_spawn.go:256.3,256.21 1 0
codenerd/internal/core/shards/manager_spawn.go:256.21,257.73 1 0
codenerd/internal/core/shards/manager_spawn.go:257.73,259.5 1 0
codenerd/internal/core/shards/manager_spawn.go:263.2,268.132 5 1
codenerd/internal/core/shards/manager_spawn.go:268.132,270.49 2 0
codenerd/internal/core/shards/manager_spawn.go:270.49,272.4 1 0
codenerd/internal/core/shards/manager_spawn.go:275.2,275.132 1 1
codenerd/internal/core/shards/manager_spawn.go:275.132,277.52 2 0
codenerd/internal/core/shards/manager_spawn.go:277.52,278.66 1 0
codenerd/internal/core/shards/manager_spawn.go:278.66,280.5 1 0
codenerd/internal/core/shards/manager_spawn.go:284.2,285.22 2 1
codenerd/internal/core/shards/manager_spawn.go:285.22,290.18 1 0
codenerd/internal/core/shards/manager_spawn.go:290.18,292.4 1 0
codenerd/internal/core/shards/manager_spawn.go:294.3,297.18 1 0
codenerd/internal/core/shards/manager_spawn.go:297.18,299.4 1 0
codenerd/internal/core/shards/manager_spawn.go:302.2,302.22 1 1
codenerd/internal/core/shards/manager_spawn.go:302.22,304.3 1 0
codenerd/internal/core/shards/manager_spawn.go:305.2,305.25 1 1
codenerd/internal/core/shards/manager_spawn.go:305.25,308.3 1 0
codenerd/internal/core/shards/manager_spawn.go:309.2,309.28 1 1
codenerd/internal/core/shards/manager_spawn.go:309.28,310.50 1 0
codenerd/internal/core/shards/manager_spawn.go:310.50,312.4 1 0
codenerd/internal/core/shards/manager_spawn.go:314.2,314.23 1 1
codenerd/internal/core/shards/manager_spawn.go:314.23,316.3 1 0
codenerd/internal/core/shards/manager_spawn.go:318.2,323.21 4 1
codenerd/internal/core/shards/manager_spawn.go:323.21,325.3 1 1
codenerd/internal/core/shards/manager_spawn.go:326.2,328.12 2 1
codenerd/internal/core/shards/manager_spawn.go:328.12,329.16 1 1
codenerd/internal/core/shards/manager_spawn.go:329.16,330.32 1 1
codenerd/internal/core/shards/manager_spawn.go:330.32,335.25 4 0
codenerd/internal/core/shards/manager_spawn.go:335.25,340.21 1 0
codenerd/internal/core/shards/manager_spawn.go:340.21,342.7 1 0
codenerd/internal/core/shards/manager_spawn.go:344.6,347.21 1 0
codenerd/internal/core/shards/manager_spawn.go:347.21,349.7 1 0
codenerd/internal/core/shards/manager_spawn.go:351.5,351.38 1 0
codenerd/internal/core/shards/manager_spawn.go:355.3,358.23 3 1
codenerd/internal/core/shards/manager_spawn.go:358.23,360.4 1 0
codenerd/internal/core/shards/manager_spawn.go:361.3,367.49 4 1
codenerd/internal/core/shards/manager_spawn.go:367.49,369.4 1 1
codenerd/internal/core/shards/manager_spawn.go:371.3,374.17 3 1
codenerd/internal/core/shards/manager_spawn.go:374.17,376.4 1 0
codenerd/internal/core/shards/manager_spawn.go:377.3,382.23 3 1
codenerd/internal/core/shards/manager_spawn.go:382.23,387.19 1 0
codenerd/internal/core/shards/manager_spawn.go:387.19,389.5 1 0
codenerd/internal/core/shards/manager_spawn.go:391.4,394.19 1 0
codenerd/internal/core/shards/manager_spawn.go:394.19,396.5 1 0
codenerd/internal/core/shards/manager_spawn.go:400.2,400.16 1 1
codenerd/internal/core/shards/manager_spawn.go:403.75,409.57 4 1
codenerd/internal/core/shards/manager_spawn.go:409.57,411.31 2 0
codenerd/internal/core/shards/manager_spawn.go:411.31,413.4 1 0
codenerd/internal/core/shards/manager_spawn.go:416.2,421.3 1 1
codenerd/internal/core/shards/manager_spawn.go:424.72,428.8 4 1
codenerd/internal/core/shards/manager_spawn.go:428.8,430.3 1 1
codenerd/internal/core/shards/manager_spawn.go:431.2,431.16 1 1
codenerd/internal/core/shards/manager_spawn.go:434.62,438.30 4 0
codenerd/internal/core/shards/manager_spawn.go:438.30,440.3 1 0
codenerd/internal/core/shards/manager_spawn.go:441.2,441.15 1 0
codenerd/internal/core/shards/manager_spawn.go:444.35,449.31 5 0
codenerd/internal/core/shards/manager_spawn.go:449.31,450.34 1 0
codenerd/internal/core/shards/manager_spawn.go:450.34,452.4 1 0
codenerd/internal/core/shards/manager_spawn.go:454.2,454.47 1 0
codenerd/internal/core/shards/manager_spawn.go:457.70,464.40 5 0
codenerd/internal/core/shards/manager_spawn.go:464.40,465.43 1 0
codenerd/internal/core/shards/manager_spawn.go:465.43,466.50 1 0
codenerd/internal/core/shards/manager_spawn.go:466.50,467.13 1 0
codenerd/internal/core/shards/manager_spawn.go:469.4,469.75 1 0
codenerd/internal/core/shards/manager_spawn.go:469.75,470.13 1 0
codenerd/internal/core/shards/manager_spawn.go:472.4,472.35 1 0
codenerd/internal/core/shards/manager_spawn.go:475.2,479.19 4 0
codenerd/internal/core/shards/manager_spawn.go:479.19,481.17 2 0
codenerd/internal/core/shards/manager_spawn.go:481.17,483.4 1 0
codenerd/internal/core/shards/manager_spawn.go:483.9,485.33 2 0
codenerd/internal/core/shards/manager_spawn.go:485.33,487.5 1 0
codenerd/internal/core/shards/manager_spawn.go:488.4,488.35 1 0
codenerd/internal/core/shards/manager_spawn.go:488.35,489.28 1 0
codenerd/internal/core/shards/manager_spawn.go:489.28,490.14 1 0
codenerd/internal/core/shards/manager_spawn.go:492.5,493.19 2 0
codenerd/internal/core/shards/manager_spawn.go:493.19,494.14 1 0
codenerd/internal/core/shards/manager_spawn.go:496.5,500.61 5 0
codenerd/internal/core/shards/manager_spawn.go:500.61,501.14 1 0
codenerd/internal/core/shards/manager_spawn.go:503.5,503.40 1 0
codenerd/internal/core/shards/manager_spawn.go:503.40,504.14 1 0
codenerd/internal/core/shards/manager_spawn.go:506.5,507.28 2 0
codenerd/internal/core/shards/manager_spawn.go:512.2,512.33 1 0
codenerd/internal/core/shards/manager_spawn.go:512.33,514.3 1 0
codenerd/internal/core/shards/manager_spawn.go:516.2,516.31 1 0
codenerd/internal/core/shards/manager_spawn.go:516.31,518.17 2 0
codenerd/internal/core/shards/manager_spawn.go:518.17,520.4 1 0
codenerd/internal/core/shards/manager_spawn.go:522.2,522.12 1 0
codenerd/internal/core/shards/manager_spawn.go:525.113,526.31 1 0
codenerd/internal/core/shards/manager_spawn.go:526.31,528.17 2 0
codenerd/internal/core/shards/manager_spawn.go:528.17,530.12 2 0
codenerd/internal/core/shards/manager_spawn.go:533.2,533.12 1 0
codenerd/internal/core/shards/manager_spawn.go:536.57,539.24 3 1
codenerd/internal/core/shards/manager_spawn.go:539.24,541.3 1 1
codenerd/internal/core/shards/manager_spawn.go:542.2,542.32 1 1
codenerd/internal/core/shards/manager_spawn.go:546.104,560.16 5 0
codenerd/internal/core/shards/manager_spawn.go:560.16,565.3 1 0
codenerd/internal/core/shards/manager_spawn.go:565.8,572.25 3 0
codenerd/internal/core/shards/manager_spawn.go:572.25,574.4 1 0
codenerd/internal/core/shards/manager_spawn.go:575.3,584.5 3 0
codenerd/internal/core/shards/manager_spawn.go:587.2,587.14 1 0
codenerd/internal/core/shards/manager_spawn.go:590.73,592.23 2 0
codenerd/internal/core/shards/manager_spawn.go:592.23,594.3 1 0
codenerd/internal/core/shards/manager_spawn.go:595.2,595.24 1 0
codenerd/internal/core/shards/manager_tools.go:13.65,14.22 1 1
codenerd/internal/core/shards/manager_tools.go:14.22,17.3 2 1
codenerd/internal/core/shards/manager_tools.go:19.2,23.45 3 0
codenerd/internal/core/shards/manager_tools.go:23.45,26.3 2 0
codenerd/internal/core/shards/manager_tools.go:27.2,31.39 3 0
codenerd/internal/core/shards/manager_tools.go:31.39,32.26 1 0
codenerd/internal/core/shards/manager_tools.go:32.26,33.45 1 0
codenerd/internal/core/shards/manager_tools.go:33.45,35.5 1 0
codenerd/internal/core/shards/manager_tools.go:39.2,39.25 1 0
codenerd/internal/core/shards/manager_tools.go:39.25,41.3 1 0
codenerd/internal/core/shards/manager_tools.go:44.2,49.33 4 0
codenerd/internal/core/shards/manager_tools.go:49.33,50.26 1 0
codenerd/internal/core/shards/manager_tools.go:50.26,51.45 1 0
codenerd/internal/core/shards/manager_tools.go:51.45,52.46 1 0
codenerd/internal/core/shards/manager_tools.go:52.46,54.6 1 0
codenerd/internal/core/shards/manager_tools.go:59.2,60.33 2 0
codenerd/internal/core/shards/manager_tools.go:60.33,61.26 1 0
codenerd/internal/core/shards/manager_tools.go:61.26,62.45 1 0
codenerd/internal/core/shards/manager_tools.go:62.45,63.46 1 0
codenerd/internal/core/shards/manager_tools.go:63.46,65.6 1 0
codenerd/internal/core/shards/manager_tools.go:71.2,72.33 2 0
codenerd/internal/core/shards/manager_tools.go:72.33,78.3 1 0
codenerd/internal/core/shards/manager_tools.go:80.2,80.14 1 0
codenerd/internal/core/shards/manager_tools.go:91.87,92.22 1 1
codenerd/internal/core/shards/manager_tools.go:92.22,94.3 1 1
codenerd/internal/core/shards/manager_tools.go:96.2,100.43 4 0
codenerd/internal/core/shards/manager_tools.go:100.43,103.3 2 0
codenerd/internal/core/shards/manager_tools.go:105.2,106.37 2 0
codenerd/internal/core/shards/manager_tools.go:106.37,107.26 1 0
codenerd/internal/core/shards/manager_tools.go:107.26,110.52 3 0
codenerd/internal/core/shards/manager_tools.go:110.52,112.5 1 0
codenerd/internal/core/shards/manager_tools.go:116.2,116.33 1 0
codenerd/internal/core/shards/manager_tools.go:116.33,119.3 2 0
codenerd/internal/core/shards/manager_tools.go:121.2,122.21 2 0
codenerd/internal/core/shards/manager_tools.go:122.21,124.3 1 0
codenerd/internal/core/shards/manager_tools.go:126.2,127.41 2 0
codenerd/internal/core/shards/manager_tools.go:127.41,129.3 1 0
codenerd/internal/core/shards/manager_tools.go:131.2,132.32 2 0
codenerd/internal/core/shards/manager_tools.go:132.32,133.29 1 0
codenerd/internal/core/shards/manager_tools.go:133.29,135.4 1 0
codenerd/internal/core/shards/manager_tools.go:138.2,140.55 2 0
codenerd/internal/core/shards/manager_tools.go:143.76,144.22 1 0
codenerd/internal/core/shards/manager_tools.go:144.22,146.3 1 0
codenerd/internal/core/shards/manager_tools.go:148.2,159.28 7 0
codenerd/internal/core/shards/manager_tools.go:159.28,171.3 5 0
codenerd/internal/core/shards/manager_tools.go:173.2,178.36 2 0
codenerd/internal/core/shards/manager_tools.go:178.36,180.3 1 0
codenerd/internal/core/shards/manager_tools.go:183.87,184.41 1 0
codenerd/internal/core/shards/manager_tools.go:184.41,186.3 1 0
codenerd/internal/core/shards/manager_tools.go:188.2,192.42 4 0
codenerd/internal/core/shards/manager_tools.go:192.42,193.26 1 0
codenerd/internal/core/shards/manager_tools.go:193.26,197.38 4 0
codenerd/internal/core/shards/manager_tools.go:198.17,199.16 1 0
codenerd/internal/core/shards/manager_tools.go:200.17,201.25 1 0
codenerd/internal/core/shards/manager_tools.go:202.15,203.25 1 0
codenerd/internal/core/shards/manager_tools.go:204.13,205.25 1 0
codenerd/internal/core/shards/manager_tools.go:207.4,207.34 1 0
codenerd/internal/core/shards/manager_tools.go:207.34,209.5 1 0
codenerd/internal/core/shards/manager_tools.go:213.2,213.40 1 0
codenerd/internal/core/shards/manager_tools.go:213.40,217.3 3 0
codenerd/internal/core/shards/manager_tools.go:220.47,223.36 3 1
codenerd/internal/core/shards/manager_tools.go:223.36,225.3 1 1
codenerd/internal/core/shards/manager_tools.go:226.2,226.17 1 1
codenerd/internal/core/shards/manager_tools.go:226.17,228.3 1 1
codenerd/internal/core/shards/manager_tools.go:229.2,229.20 1 1
codenerd/internal/core/shards/manager_tools.go:232.96,233.17 1 1
codenerd/internal/core/shards/manager_tools.go:233.17,235.3 1 1
codenerd/internal/core/shards/manager_tools.go:237.2,240.29 3 1
codenerd/internal/core/shards/manager_tools.go:240.29,245.38 2 1
codenerd/internal/core/shards/manager_tools.go:245.38,248.4 2 1
codenerd/internal/core/shards/manager_tools.go:248.9,249.9 1 1
codenerd/internal/core/shards/manager_tools.go:253.2,253.15 1 1
codenerd/internal/core/shards/manager_tools.go:256.35,258.2 1 1
codenerd/internal/core/shards/manager_tools.go:261.53,263.2 1 1
codenerd/internal/core/shards/manager_tools.go:266.87,268.2 1 0
codenerd/internal/core/shards/manager_tools.go:271.76,273.2 1 0
codenerd/internal/core/shards/spawn_queue.go:45.49,54.2 1 1
codenerd/internal/core/shards/spawn_queue.go:119.97,121.27 1 1
codenerd/internal/core/shards/spawn_queue.go:121.27,123.3 1 1
codenerd/internal/core/shards/spawn_queue.go:124.2,124.34 1 1
codenerd/internal/core/shards/spawn_queue.go:124.34,126.3 1 1
codenerd/internal/core/shards/spawn_queue.go:127.2,127.29 1 1
codenerd/internal/core/shards/spawn_queue.go:127.29,129.3 1 1
codenerd/internal/core/shards/spawn_queue.go:130.2,130.53 1 1
codenerd/internal/core/shards/spawn_queue.go:130.53,132.3 1 1
codenerd/internal/core/shards/spawn_queue.go:133.2,133.26 1 1
codenerd/internal/core/shards/spawn_queue.go:133.26,135.3 1 1
codenerd/internal/core/shards/spawn_queue.go:136.2,136.27 1 1
codenerd/internal/core/shards/spawn_queue.go:136.27,138.3 1 1
codenerd/internal/core/shards/spawn_queue.go:140.2,148.25 2 1
codenerd/internal/core/shards/spawn_queue.go:148.25,150.3 1 1
codenerd/internal/core/shards/spawn_queue.go:152.2,152.11 1 1
codenerd/internal/core/shards/spawn_queue.go:156.37,160.18 3 1
codenerd/internal/core/shards/spawn_queue.go:160.18,162.3 1 0
codenerd/internal/core/shards/spawn_queue.go:164.2,168.45 3 1
codenerd/internal/core/shards/spawn_queue.go:168.45,171.3 2 1
codenerd/internal/core/shards/spawn_queue.go:173.2,176.12 2 1
codenerd/internal/core/shards/spawn_queue.go:180.36,182.19 2 1
codenerd/internal/core/shards/spawn_queue.go:182.19,185.3 2 0
codenerd/internal/core/shards/spawn_queue.go:186.2,192.12 5 1
codenerd/internal/core/shards/spawn_queue.go:192.12,195.3 2 1
codenerd/internal/core/shards/spawn_queue.go:197.2,197.9 1 1
codenerd/internal/core/shards/spawn_queue.go:198.14,199.51 1 1
codenerd/internal/core/shards/spawn_queue.go:200.44,201.108 1 0
codenerd/internal/core/shards/spawn_queue.go:205.2,205.25 1 1
codenerd/internal/core/shards/spawn_queue.go:205.25,206.7 1 1
codenerd/internal/core/shards/spawn_queue.go:206.7,207.11 1 1
codenerd/internal/core/shards/spawn_queue.go:208.31,212.7 1 0
codenerd/internal/core/shards/spawn_queue.go:213.12,214.19 1 1
codenerd/internal/core/shards/spawn_queue.go:220.2,220.12 1 1
codenerd/internal/core/shards/spawn_queue.go:225.201,227.19 2 1
codenerd/internal/core/shards/spawn_queue.go:227.19,230.3 2 1
codenerd/internal/core/shards/spawn_queue.go:231.2,235.10 3 1
codenerd/internal/core/shards/spawn_queue.go:235.10,238.3 2 0
codenerd/internal/core/shards/spawn_queue.go:241.2,255.27 2 1
codenerd/internal/core/shards/spawn_queue.go:255.27,257.9 2 1
codenerd/internal/core/shards/spawn_queue.go:257.9,259.4 1 0
codenerd/internal/core/shards/spawn_queue.go:259.9,261.4 1 1
codenerd/internal/core/shards/spawn_queue.go:265.2,265.9 1 1
codenerd/internal/core/shards/spawn_queue.go:266.39,270.27 3 1
codenerd/internal/core/shards/spawn_queue.go:271.10,274.83 2 0
codenerd/internal/core/shards/spawn_queue.go:279.166,281.16 2 1
codenerd/internal/core/shards/spawn_queue.go:281.16,283.3 1 0
codenerd/internal/core/shards/spawn_queue.go:285.2,285.9 1 1
codenerd/internal/core/shards/spawn_queue.go:286.28,287.30 1 1
codenerd/internal/core/shards/spawn_queue.go:288.20,289.50 1 0
codenerd/internal/core/shards/spawn_queue.go:294.38,298.6 3 1
codenerd/internal/core/shards/spawn_queue.go:298.6,299.10 1 1
codenerd/internal/core/shards/spawn_queue.go:300.20,302.10 2 1
codenerd/internal/core/shards/spawn_queue.go:303.11,305.18 2 1
codenerd/internal/core/shards/spawn_queue.go:305.18,307.13 2 1
codenerd/internal/core/shards/spawn_queue.go:309.4,309.30 1 1
codenerd/internal/core/shards/spawn_queue.go:314.64,316.69 1 1
codenerd/internal/core/shards/spawn_queue.go:316.69,317.10 1 1
codenerd/internal/core/shards/spawn_queue.go:318.32,319.14 1 1
codenerd/internal/core/shards/spawn_queue.go:320.11,321.12 1 1
codenerd/internal/core/shards/spawn_queue.go:324.2,324.12 1 1
codenerd/internal/core/shards/spawn_queue.go:327.78,334.38 3 1
codenerd/internal/core/shards/spawn_queue.go:334.38,341.3 3 0
codenerd/internal/core/shards/spawn_queue.go:343.2,343.62 1 1
codenerd/internal/core/shards/spawn_queue.go:343.62,352.3 4 0
codenerd/internal/core/shards/spawn_queue.go:355.2,355.62 1 1
codenerd/internal/core/shards/spawn_queue.go:355.62,356.83 1 0
codenerd/internal/core/shards/spawn_queue.go:356.83,358.4 1 0
codenerd/internal/core/shards/spawn_queue.go:359.3,363.9 2 0
codenerd/internal/core/shards/spawn_queue.go:367.2,368.16 2 1
codenerd/internal/core/shards/spawn_queue.go:368.16,374.3 2 0
codenerd/internal/core/shards/spawn_queue.go:376.2,376.18 1 1
codenerd/internal/core/shards/spawn_queue.go:376.18,384.3 3 0
codenerd/internal/core/shards/spawn_queue.go:387.2,391.111 5 1
codenerd/internal/core/shards/spawn_queue.go:394.82,398.6 3 1
codenerd/internal/core/shards/spawn_queue.go:398.6,399.23 1 1
codenerd/internal/core/shards/spawn_queue.go:399.23,401.4 1 1
codenerd/internal/core/shards/spawn_queue.go:403.3,403.55 1 0
codenerd/internal/core/shards/spawn_queue.go:403.55,405.4 1 0
codenerd/internal/core/shards/spawn_queue.go:407.3,408.25 2 0
codenerd/internal/core/shards/spawn_queue.go:408.25,410.28 2 0
codenerd/internal/core/shards/spawn_queue.go:410.28,412.5 1 0
codenerd/internal/core/shards/spawn_queue.go:415.3,415.10 1 0
codenerd/internal/core/shards/spawn_queue.go:416.21,417.20 1 0
codenerd/internal/core/shards/spawn_queue.go:418.31,420.28 2 0
codenerd/internal/core/shards/spawn_queue.go:420.28,422.5 1 0
codenerd/internal/core/shards/spawn_queue.go:427.95,431.6 3 1
codenerd/internal/core/shards/spawn_queue.go:431.6,432.10 1 1
codenerd/internal/core/shards/spawn_queue.go:433.21,434.58 1 0
codenerd/internal/core/shards/spawn_queue.go:435.19,437.10 2 1
codenerd/internal/core/shards/spawn_queue.go:437.10,443.5 1 1
codenerd/internal/core/shards/spawn_queue.go:448.80,449.9 1 1
codenerd/internal/core/shards/spawn_queue.go:450.30,450.30 0 1
codenerd/internal/core/shards/spawn_queue.go:451.10,452.103 1 0
codenerd/internal/core/shards/spawn_queue.go:457.66,463.24 6 1
codenerd/internal/core/shards/spawn_queue.go:463.24,466.3 2 0
codenerd/internal/core/shards/spawn_queue.go:466.8,466.64 1 1
codenerd/internal/core/shards/spawn_queue.go:466.64,469.3 2 1
codenerd/internal/core/shards/spawn_queue.go:470.2,476.3 1 1
codenerd/internal/core/shards/spawn_queue.go:479.78,483.37 3 1
codenerd/internal/core/shards/spawn_queue.go:483.37,485.3 1 1
codenerd/internal/core/shards/spawn_queue.go:486.2,486.63 1 1
codenerd/internal/core/shards/spawn_queue.go:486.63,488.3 1 0
codenerd/internal/core/shards/spawn_queue.go:490.2,490.9 1 1
codenerd/internal/core/shards/spawn_queue.go:491.25,492.40 1 0
codenerd/internal/core/shards/spawn_queue.go:492.40,494.4 1 0
codenerd/internal/core/shards/spawn_queue.go:495.45,496.36 1 1
codenerd/internal/core/shards/spawn_queue.go:496.36,498.4 1 0
codenerd/internal/core/shards/spawn_queue.go:500.2,500.17 1 1
codenerd/internal/core/shards/spawn_queue.go:503.43,505.25 2 1
codenerd/internal/core/shards/spawn_queue.go:505.25,507.3 1 1
codenerd/internal/core/shards/spawn_queue.go:508.2,508.14 1 1
codenerd/internal/core/shards/spawn_queue.go:511.40,515.2 3 1
codenerd/internal/core/shards/spawn_queue.go:517.47,518.30 1 1
codenerd/internal/core/shards/spawn_queue.go:518.30,520.3 1 1
codenerd/internal/core/shards/spawn_queue.go:521.2,522.28 2 1
codenerd/internal/core/shards/spawn_queue.go:522.28,524.3 1 0
codenerd/internal/core/shards/spawn_queue.go:525.2,525.62 1 1
codenerd/internal/core/shards/spawn_queue.go:528.42,529.30 1 1
codenerd/internal/core/shards/spawn_queue.go:529.30,531.3 1 0
codenerd/internal/core/shards/spawn_queue.go:532.2,533.28 2 1
codenerd/internal/core/shards/spawn_queue.go:533.28,535.3 1 1
codenerd/internal/core/shards/spawn_queue.go:536.2,536.71 1 1
codenerd/internal/core/shards/spawn_queue.go:536.71,538.3 1 0
codenerd/internal/core/shards/spawn_queue.go:539.2,539.56 1 1
codenerd/internal/core/shards/spawn_queue.go:539.56,541.3 1 0
codenerd/internal/core/shards/spawn_queue.go:542.2,542.13 1 1
codenerd/internal/core/shards/spawn_queue.go:556.54,568.25 5 0
codenerd/internal/core/shards/spawn_queue.go:568.25,570.3 1 0
codenerd/internal/core/shards/spawn_queue.go:571.2,572.16 2 0
