mode: set
codenerd/internal/browser/honeypot.go:41.67,43.2 1 1
codenerd/internal/browser/honeypot.go:46.83,52.46 4 0
codenerd/internal/browser/honeypot.go:52.46,55.3 2 0
codenerd/internal/browser/honeypot.go:58.2,63.31 5 0
codenerd/internal/browser/honeypot.go:63.31,64.23 1 0
codenerd/internal/browser/honeypot.go:64.23,73.4 4 0
codenerd/internal/browser/honeypot.go:76.2,77.21 2 0
codenerd/internal/browser/honeypot.go:81.64,85.16 3 0
codenerd/internal/browser/honeypot.go:85.16,88.3 2 0
codenerd/internal/browser/honeypot.go:89.2,91.30 2 0
codenerd/internal/browser/honeypot.go:91.30,96.17 3 0
codenerd/internal/browser/honeypot.go:96.17,98.12 2 0
codenerd/internal/browser/honeypot.go:100.3,104.17 3 0
codenerd/internal/browser/honeypot.go:104.17,105.36 1 0
codenerd/internal/browser/honeypot.go:105.36,107.5 1 0
codenerd/internal/browser/honeypot.go:111.3,112.53 2 0
codenerd/internal/browser/honeypot.go:112.53,123.4 6 0
codenerd/internal/browser/honeypot.go:126.3,127.17 2 0
codenerd/internal/browser/honeypot.go:127.17,128.35 1 0
codenerd/internal/browser/honeypot.go:128.35,130.5 1 0
codenerd/internal/browser/honeypot.go:134.3,135.47 2 0
codenerd/internal/browser/honeypot.go:135.47,137.4 1 0
codenerd/internal/browser/honeypot.go:140.2,140.12 1 0
codenerd/internal/browser/honeypot.go:144.90,161.16 2 0
codenerd/internal/browser/honeypot.go:161.16,163.3 1 0
codenerd/internal/browser/honeypot.go:165.2,167.24 3 0
codenerd/internal/browser/honeypot.go:167.24,169.3 1 0
codenerd/internal/browser/honeypot.go:171.2,171.20 1 0
codenerd/internal/browser/honeypot.go:175.86,183.16 2 0
codenerd/internal/browser/honeypot.go:183.16,185.3 1 0
codenerd/internal/browser/honeypot.go:187.2,189.24 3 0
codenerd/internal/browser/honeypot.go:189.24,191.3 1 0
codenerd/internal/browser/honeypot.go:193.2,193.19 1 0
codenerd/internal/browser/honeypot.go:197.71,218.35 3 1
codenerd/internal/browser/honeypot.go:218.35,220.21 2 1
codenerd/internal/browser/honeypot.go:220.21,222.4 1 1
codenerd/internal/browser/honeypot.go:225.2,225.16 1 1
codenerd/internal/browser/honeypot.go:229.71,231.23 2 1
codenerd/internal/browser/honeypot.go:231.23,233.3 1 1
codenerd/internal/browser/honeypot.go:237.2,243.22 3 1
codenerd/internal/browser/honeypot.go:243.22,245.3 1 1
codenerd/internal/browser/honeypot.go:247.2,247.19 1 1
codenerd/internal/browser/honeypot.go:251.96,254.16 3 0
codenerd/internal/browser/honeypot.go:254.16,257.3 2 0
codenerd/internal/browser/honeypot.go:260.2,264.16 3 0
codenerd/internal/browser/honeypot.go:264.16,265.35 1 0
codenerd/internal/browser/honeypot.go:265.35,267.4 1 0
codenerd/internal/browser/honeypot.go:271.2,272.52 2 0
codenerd/internal/browser/honeypot.go:272.52,283.3 6 0
codenerd/internal/browser/honeypot.go:286.2,287.16 2 0
codenerd/internal/browser/honeypot.go:287.16,288.34 1 0
codenerd/internal/browser/honeypot.go:288.34,290.4 1 0
codenerd/internal/browser/honeypot.go:294.2,295.46 2 0
codenerd/internal/browser/honeypot.go:295.46,297.3 1 0
codenerd/internal/browser/honeypot.go:300.2,303.16 3 0
codenerd/internal/browser/honeypot.go:303.16,305.3 1 0
codenerd/internal/browser/honeypot.go:305.8,307.3 1 0
codenerd/internal/browser/honeypot.go:308.2,308.33 1 0
codenerd/internal/browser/honeypot.go:312.73,315.46 2 0
codenerd/internal/browser/honeypot.go:315.46,318.3 2 0
codenerd/internal/browser/honeypot.go:321.2,322.16 2 0
codenerd/internal/browser/honeypot.go:322.16,325.3 2 0
codenerd/internal/browser/honeypot.go:326.2,330.30 4 0
codenerd/internal/browser/honeypot.go:330.30,334.47 3 0
codenerd/internal/browser/honeypot.go:334.47,335.12 1 0
codenerd/internal/browser/honeypot.go:338.3,339.17 2 0
codenerd/internal/browser/honeypot.go:339.17,341.4 1 0
codenerd/internal/browser/honeypot.go:344.3,354.17 4 0
codenerd/internal/browser/honeypot.go:354.17,358.4 3 0
codenerd/internal/browser/honeypot.go:358.9,360.4 1 0
codenerd/internal/browser/honeypot.go:363.2,364.19 2 0
codenerd/internal/browser/honeypot.go:368.84,370.46 2 0
codenerd/internal/browser/honeypot.go:370.46,373.3 2 0
codenerd/internal/browser/honeypot.go:375.2,376.16 2 0
codenerd/internal/browser/honeypot.go:376.16,379.3 2 0
codenerd/internal/browser/honeypot.go:380.2,383.30 3 0
codenerd/internal/browser/honeypot.go:383.30,387.47 3 0
codenerd/internal/browser/honeypot.go:387.47,388.12 1 0
codenerd/internal/browser/honeypot.go:391.3,392.17 2 0
codenerd/internal/browser/honeypot.go:392.17,394.4 1 0
codenerd/internal/browser/honeypot.go:396.3,406.30 3 0
codenerd/internal/browser/honeypot.go:409.2,409.19 1 0
codenerd/internal/browser/session_manager.go:48.48,49.13 1 1
codenerd/internal/browser/session_manager.go:49.13,51.3 1 1
codenerd/internal/browser/session_manager.go:52.2,55.3 1 1
codenerd/internal/browser/session_manager.go:58.49,59.14 1 1
codenerd/internal/browser/session_manager.go:59.14,61.3 1 1
codenerd/internal/browser/session_manager.go:62.2,65.33 4 1
codenerd/internal/browser/session_manager.go:65.33,66.33 1 1
codenerd/internal/browser/session_manager.go:66.33,68.4 1 1
codenerd/internal/browser/session_manager.go:70.2,71.13 2 1
codenerd/internal/browser/session_manager.go:90.29,100.2 1 1
codenerd/internal/browser/session_manager.go:103.35,105.2 1 1
codenerd/internal/browser/session_manager.go:108.40,109.26 1 1
codenerd/internal/browser/session_manager.go:109.26,111.3 1 1
codenerd/internal/browser/session_manager.go:112.2,112.24 1 1
codenerd/internal/browser/session_manager.go:116.41,117.27 1 1
codenerd/internal/browser/session_manager.go:117.27,119.3 1 1
codenerd/internal/browser/session_manager.go:120.2,120.25 1 1
codenerd/internal/browser/session_manager.go:124.51,125.32 1 1
codenerd/internal/browser/session_manager.go:125.32,127.3 1 1
codenerd/internal/browser/session_manager.go:128.2,128.64 1 1
codenerd/internal/browser/session_manager.go:141.61,143.2 1 1
codenerd/internal/browser/session_manager.go:156.75,158.19 2 1
codenerd/internal/browser/session_manager.go:158.19,160.3 1 1
codenerd/internal/browser/session_manager.go:161.2,165.3 1 1
codenerd/internal/browser/session_manager.go:169.77,175.2 1 1
codenerd/internal/browser/session_manager.go:178.59,187.22 6 1
codenerd/internal/browser/session_manager.go:187.22,190.17 3 0
codenerd/internal/browser/session_manager.go:190.17,193.4 2 0
codenerd/internal/browser/session_manager.go:194.3,198.47 5 0
codenerd/internal/browser/session_manager.go:201.2,202.47 2 1
codenerd/internal/browser/session_manager.go:202.47,205.3 2 0
codenerd/internal/browser/session_manager.go:207.2,208.47 2 1
codenerd/internal/browser/session_manager.go:208.47,212.28 4 0
codenerd/internal/browser/session_manager.go:212.28,213.45 1 0
codenerd/internal/browser/session_manager.go:213.45,216.15 3 0
codenerd/internal/browser/session_manager.go:216.15,218.6 1 0
codenerd/internal/browser/session_manager.go:218.11,220.6 1 0
codenerd/internal/browser/session_manager.go:223.3,224.17 2 0
codenerd/internal/browser/session_manager.go:224.17,228.55 3 0
codenerd/internal/browser/session_manager.go:228.55,231.5 2 0
codenerd/internal/browser/session_manager.go:231.10,234.5 2 0
codenerd/internal/browser/session_manager.go:235.9,238.4 2 0
codenerd/internal/browser/session_manager.go:241.2,241.22 1 1
codenerd/internal/browser/session_manager.go:241.22,245.17 3 0
codenerd/internal/browser/session_manager.go:245.17,248.4 2 0
codenerd/internal/browser/session_manager.go:249.3,250.77 2 0
codenerd/internal/browser/session_manager.go:253.2,255.42 3 1
codenerd/internal/browser/session_manager.go:255.42,258.3 2 1
codenerd/internal/browser/session_manager.go:260.2,263.12 4 0
codenerd/internal/browser/session_manager.go:266.67,268.22 2 1
codenerd/internal/browser/session_manager.go:268.22,271.3 2 0
codenerd/internal/browser/session_manager.go:272.2,273.21 2 1
codenerd/internal/browser/session_manager.go:277.46,281.2 3 1
codenerd/internal/browser/session_manager.go:284.45,288.2 3 1
codenerd/internal/browser/session_manager.go:291.62,298.37 6 1
codenerd/internal/browser/session_manager.go:298.37,299.25 1 1
codenerd/internal/browser/session_manager.go:299.25,302.4 2 0
codenerd/internal/browser/session_manager.go:303.3,303.25 1 1
codenerd/internal/browser/session_manager.go:306.2,307.22 2 1
codenerd/internal/browser/session_manager.go:307.22,310.17 3 0
codenerd/internal/browser/session_manager.go:310.17,312.4 1 0
codenerd/internal/browser/session_manager.go:313.3,313.18 1 0
codenerd/internal/browser/session_manager.go:315.2,317.12 3 1
codenerd/internal/browser/session_manager.go:321.43,326.36 4 1
codenerd/internal/browser/session_manager.go:326.36,328.3 1 1
codenerd/internal/browser/session_manager.go:329.2,329.16 1 1
codenerd/internal/browser/session_manager.go:333.91,338.45 4 1
codenerd/internal/browser/session_manager.go:338.45,341.3 2 1
codenerd/internal/browser/session_manager.go:342.2,342.22 1 0
codenerd/internal/browser/session_manager.go:342.22,345.3 2 0
codenerd/internal/browser/session_manager.go:347.2,349.16 3 0
codenerd/internal/browser/session_manager.go:349.16,352.3 2 0
codenerd/internal/browser/session_manager.go:354.2,356.16 3 0
codenerd/internal/browser/session_manager.go:356.16,359.3 2 0
codenerd/internal/browser/session_manager.go:362.2,368.28 2 0
codenerd/internal/browser/session_manager.go:368.28,370.3 1 0
codenerd/internal/browser/session_manager.go:373.2,394.19 11 0
codenerd/internal/browser/session_manager.go:398.89,400.45 2 1
codenerd/internal/browser/session_manager.go:400.45,403.3 2 1
codenerd/internal/browser/session_manager.go:404.2,404.22 1 0
codenerd/internal/browser/session_manager.go:404.22,407.3 2 0
codenerd/internal/browser/session_manager.go:409.2,411.16 3 0
codenerd/internal/browser/session_manager.go:411.16,414.3 2 0
codenerd/internal/browser/session_manager.go:416.2,432.19 9 0
codenerd/internal/browser/session_manager.go:436.67,440.9 4 1
codenerd/internal/browser/session_manager.go:440.9,442.3 1 1
codenerd/internal/browser/session_manager.go:443.2,443.23 1 1
codenerd/internal/browser/session_manager.go:447.90,451.9 4 1
codenerd/internal/browser/session_manager.go:451.9,453.3 1 1
codenerd/internal/browser/session_manager.go:454.2,454.30 1 1
codenerd/internal/browser/session_manager.go:458.71,462.9 4 1
codenerd/internal/browser/session_manager.go:462.9,464.3 1 1
codenerd/internal/browser/session_manager.go:465.2,465.23 1 1
codenerd/internal/browser/session_manager.go:469.99,470.21 1 1
codenerd/internal/browser/session_manager.go:470.21,472.3 1 1
codenerd/internal/browser/session_manager.go:473.2,474.9 2 1
codenerd/internal/browser/session_manager.go:474.9,476.3 1 1
codenerd/internal/browser/session_manager.go:478.2,543.30 2 0
codenerd/internal/browser/session_manager.go:543.30,545.3 1 0
codenerd/internal/browser/session_manager.go:547.2,548.16 2 0
codenerd/internal/browser/session_manager.go:548.16,550.3 1 0
codenerd/internal/browser/session_manager.go:552.2,560.52 2 0
codenerd/internal/browser/session_manager.go:560.52,562.3 1 0
codenerd/internal/browser/session_manager.go:564.2,567.26 3 0
codenerd/internal/browser/session_manager.go:567.26,569.22 2 0
codenerd/internal/browser/session_manager.go:569.22,571.4 1 0
codenerd/internal/browser/session_manager.go:572.3,578.29 2 0
codenerd/internal/browser/session_manager.go:578.29,584.4 1 0
codenerd/internal/browser/session_manager.go:586.3,586.33 1 0
codenerd/internal/browser/session_manager.go:586.33,587.23 1 0
codenerd/internal/browser/session_manager.go:587.23,588.13 1 0
codenerd/internal/browser/session_manager.go:590.4,594.6 1 0
codenerd/internal/browser/session_manager.go:597.3,597.47 1 0
codenerd/internal/browser/session_manager.go:597.47,603.4 1 0
codenerd/internal/browser/session_manager.go:606.2,606.49 1 0
codenerd/internal/browser/session_manager.go:606.49,608.3 1 0
codenerd/internal/browser/session_manager.go:609.2,609.19 1 0
codenerd/internal/browser/session_manager.go:613.100,614.45 1 1
codenerd/internal/browser/session_manager.go:614.45,616.3 1 1
codenerd/internal/browser/session_manager.go:617.2,618.9 2 0
codenerd/internal/browser/session_manager.go:618.9,620.3 1 0
codenerd/internal/browser/session_manager.go:622.2,626.16 3 0
codenerd/internal/browser/session_manager.go:626.16,628.3 1 0
codenerd/internal/browser/session_manager.go:631.2,635.21 4 0
codenerd/internal/browser/session_manager.go:635.21,637.22 2 0
codenerd/internal/browser/session_manager.go:637.22,639.4 1 0
codenerd/internal/browser/session_manager.go:642.2,643.16 2 0
codenerd/internal/browser/session_manager.go:643.16,645.3 1 0
codenerd/internal/browser/session_manager.go:647.2,648.9 2 0
codenerd/internal/browser/session_manager.go:648.9,650.3 1 0
codenerd/internal/browser/session_manager.go:653.2,654.39 2 0
codenerd/internal/browser/session_manager.go:654.39,666.3 1 0
codenerd/internal/browser/session_manager.go:667.2,667.21 1 0
codenerd/internal/browser/session_manager.go:667.21,669.3 1 0
codenerd/internal/browser/session_manager.go:672.2,673.52 2 0
codenerd/internal/browser/session_manager.go:673.52,676.3 2 0
codenerd/internal/browser/session_manager.go:678.2,679.18 2 0
codenerd/internal/browser/session_manager.go:683.85,688.45 4 1
codenerd/internal/browser/session_manager.go:688.45,691.3 2 1
codenerd/internal/browser/session_manager.go:692.2,693.9 2 0
codenerd/internal/browser/session_manager.go:693.9,696.3 2 0
codenerd/internal/browser/session_manager.go:697.2,699.16 3 0
codenerd/internal/browser/session_manager.go:699.16,701.3 1 0
codenerd/internal/browser/session_manager.go:701.8,703.3 1 0
codenerd/internal/browser/session_manager.go:704.2,704.12 1 0
codenerd/internal/browser/session_manager.go:708.87,710.45 2 1
codenerd/internal/browser/session_manager.go:710.45,713.3 2 1
codenerd/internal/browser/session_manager.go:714.2,715.9 2 0
codenerd/internal/browser/session_manager.go:715.9,718.3 2 0
codenerd/internal/browser/session_manager.go:719.2,721.16 3 0
codenerd/internal/browser/session_manager.go:721.16,724.3 2 0
codenerd/internal/browser/session_manager.go:725.2,727.16 3 0
codenerd/internal/browser/session_manager.go:727.16,729.3 1 0
codenerd/internal/browser/session_manager.go:729.8,731.3 1 0
codenerd/internal/browser/session_manager.go:732.2,732.12 1 0
codenerd/internal/browser/session_manager.go:736.92,738.45 2 1
codenerd/internal/browser/session_manager.go:738.45,741.3 2 1
codenerd/internal/browser/session_manager.go:742.2,743.9 2 0
codenerd/internal/browser/session_manager.go:743.9,746.3 2 0
codenerd/internal/browser/session_manager.go:747.2,749.16 3 0
codenerd/internal/browser/session_manager.go:749.16,752.3 2 0
codenerd/internal/browser/session_manager.go:753.2,755.16 3 0
codenerd/internal/browser/session_manager.go:755.16,757.3 1 0
codenerd/internal/browser/session_manager.go:757.8,759.3 1 0
codenerd/internal/browser/session_manager.go:760.2,760.12 1 0
codenerd/internal/browser/session_manager.go:764.107,769.45 4 1
codenerd/internal/browser/session_manager.go:769.45,772.3 2 1
codenerd/internal/browser/session_manager.go:773.2,774.9 2 0
codenerd/internal/browser/session_manager.go:774.9,777.3 2 0
codenerd/internal/browser/session_manager.go:778.2,780.14 3 0
codenerd/internal/browser/session_manager.go:780.14,783.3 2 0
codenerd/internal/browser/session_manager.go:783.8,786.3 2 0
codenerd/internal/browser/session_manager.go:787.2,787.16 1 0
codenerd/internal/browser/session_manager.go:787.16,790.3 2 0
codenerd/internal/browser/session_manager.go:791.2,792.18 2 0
codenerd/internal/browser/session_manager.go:796.98,797.21 1 1
codenerd/internal/browser/session_manager.go:797.21,800.3 2 1
codenerd/internal/browser/session_manager.go:802.2,803.12 2 0
codenerd/internal/browser/session_manager.go:803.12,814.17 8 0
codenerd/internal/browser/session_manager.go:814.17,817.4 2 0
codenerd/internal/browser/session_manager.go:820.3,871.77 2 0
codenerd/internal/browser/session_manager.go:871.77,885.51 3 0
codenerd/internal/browser/session_manager.go:885.51,887.5 1 0
codenerd/internal/browser/session_manager.go:888.4,888.56 1 0
codenerd/internal/browser/session_manager.go:888.56,892.5 3 0
codenerd/internal/browser/session_manager.go:896.3,897.44 1 0
codenerd/internal/browser/session_manager.go:897.44,898.134 1 0
codenerd/internal/browser/session_manager.go:898.134,900.6 1 0
codenerd/internal/browser/session_manager.go:901.5,901.36 1 0
codenerd/internal/browser/session_manager.go:901.36,903.6 1 0
codenerd/internal/browser/session_manager.go:904.5,910.21 3 0
codenerd/internal/browser/session_manager.go:910.21,912.6 1 0
codenerd/internal/browser/session_manager.go:914.45,915.40 1 0
codenerd/internal/browser/session_manager.go:915.40,917.6 1 0
codenerd/internal/browser/session_manager.go:918.5,924.28 6 0
codenerd/internal/browser/session_manager.go:924.28,926.38 2 0
codenerd/internal/browser/session_manager.go:926.38,928.7 1 0
codenerd/internal/browser/session_manager.go:929.6,929.53 1 0
codenerd/internal/browser/session_manager.go:929.53,931.7 1 0
codenerd/internal/browser/session_manager.go:932.6,932.77 1 0
codenerd/internal/browser/session_manager.go:932.77,935.32 3 0
codenerd/internal/browser/session_manager.go:935.32,937.8 1 0
codenerd/internal/browser/session_manager.go:938.7,939.55 2 0
codenerd/internal/browser/session_manager.go:939.55,940.51 1 0
codenerd/internal/browser/session_manager.go:940.51,943.14 3 0
codenerd/internal/browser/session_manager.go:949.5,955.74 2 0
codenerd/internal/browser/session_manager.go:955.74,957.54 2 0
codenerd/internal/browser/session_manager.go:957.54,959.7 1 0
codenerd/internal/browser/session_manager.go:960.6,964.8 1 0
codenerd/internal/browser/session_manager.go:967.5,967.52 1 0
codenerd/internal/browser/session_manager.go:967.52,969.6 1 0
codenerd/internal/browser/session_manager.go:971.5,971.44 1 0
codenerd/internal/browser/session_manager.go:971.44,972.43 1 0
codenerd/internal/browser/session_manager.go:972.43,977.23 1 0
codenerd/internal/browser/session_manager.go:977.23,979.8 1 0
codenerd/internal/browser/session_manager.go:983.44,984.41 1 0
codenerd/internal/browser/session_manager.go:984.41,986.6 1 0
codenerd/internal/browser/session_manager.go:987.5,989.56 3 0
codenerd/internal/browser/session_manager.go:989.56,992.6 2 0
codenerd/internal/browser/session_manager.go:993.5,997.21 1 0
codenerd/internal/browser/session_manager.go:997.21,999.6 1 0
codenerd/internal/browser/session_manager.go:1001.5,1001.45 1 0
codenerd/internal/browser/session_manager.go:1001.45,1002.44 1 0
codenerd/internal/browser/session_manager.go:1002.44,1007.23 1 0
codenerd/internal/browser/session_manager.go:1007.23,1009.8 1 0
codenerd/internal/browser/session_manager.go:1013.39,1014.20 1 0
codenerd/internal/browser/session_manager.go:1014.20,1016.6 1 0
codenerd/internal/browser/session_manager.go:1017.5,1017.39 1 0
codenerd/internal/browser/session_manager.go:1017.39,1019.6 1 0
codenerd/internal/browser/session_manager.go:1020.5,1020.67 1 0
codenerd/internal/browser/session_manager.go:1020.67,1022.6 1 0
codenerd/internal/browser/session_manager.go:1026.3,1027.13 2 0
codenerd/internal/browser/session_manager.go:1027.13,1030.4 2 0
codenerd/internal/browser/session_manager.go:1031.3,1031.13 1 0
codenerd/internal/browser/session_manager.go:1031.13,1034.4 2 0
codenerd/internal/browser/session_manager.go:1035.3,1035.13 1 0
codenerd/internal/browser/session_manager.go:1035.13,1040.8 4 0
codenerd/internal/browser/session_manager.go:1040.8,1041.12 1 0
codenerd/internal/browser/session_manager.go:1042.23,1043.12 1 0
codenerd/internal/browser/session_manager.go:1044.21,1056.34 2 0
codenerd/internal/browser/session_manager.go:1056.34,1057.15 1 0
codenerd/internal/browser/session_manager.go:1059.6,1059.25 1 0
codenerd/internal/browser/session_manager.go:1059.25,1060.15 1 0
codenerd/internal/browser/session_manager.go:1062.6,1063.20 2 0
codenerd/internal/browser/session_manager.go:1063.20,1064.15 1 0
codenerd/internal/browser/session_manager.go:1066.6,1073.57 2 0
codenerd/internal/browser/session_manager.go:1073.57,1074.15 1 0
codenerd/internal/browser/session_manager.go:1077.6,1078.32 2 0
codenerd/internal/browser/session_manager.go:1078.32,1080.22 2 0
codenerd/internal/browser/session_manager.go:1081.20,1086.10 1 0
codenerd/internal/browser/session_manager.go:1087.20,1092.10 1 0
codenerd/internal/browser/session_manager.go:1093.20,1098.10 1 0
codenerd/internal/browser/session_manager.go:1101.6,1101.24 1 0
codenerd/internal/browser/session_manager.go:1101.24,1102.54 1 0
codenerd/internal/browser/session_manager.go:1102.54,1104.8 1 0
codenerd/internal/browser/session_manager.go:1109.3,1109.12 1 0
codenerd/internal/browser/session_manager.go:1113.69,1115.25 2 1
codenerd/internal/browser/session_manager.go:1115.25,1116.15 1 1
codenerd/internal/browser/session_manager.go:1116.15,1117.12 1 1
codenerd/internal/browser/session_manager.go:1119.3,1119.21 1 1
codenerd/internal/browser/session_manager.go:1119.21,1121.12 2 1
codenerd/internal/browser/session_manager.go:1123.3,1123.26 1 1
codenerd/internal/browser/session_manager.go:1123.26,1125.4 1 1
codenerd/internal/browser/session_manager.go:1127.2,1127.33 1 1
codenerd/internal/browser/session_manager.go:1131.103,1168.30 4 0
codenerd/internal/browser/session_manager.go:1168.30,1170.3 1 0
codenerd/internal/browser/session_manager.go:1172.2,1173.16 2 0
codenerd/internal/browser/session_manager.go:1173.16,1175.3 1 0
codenerd/internal/browser/session_manager.go:1177.2,1191.52 2 0
codenerd/internal/browser/session_manager.go:1191.52,1193.3 1 0
codenerd/internal/browser/session_manager.go:1195.2,1197.26 3 0
codenerd/internal/browser/session_manager.go:1197.26,1204.19 2 0
codenerd/internal/browser/session_manager.go:1204.19,1210.4 1 0
codenerd/internal/browser/session_manager.go:1211.3,1211.29 1 0
codenerd/internal/browser/session_manager.go:1211.29,1217.4 1 0
codenerd/internal/browser/session_manager.go:1218.3,1222.5 1 0
codenerd/internal/browser/session_manager.go:1224.2,1224.33 1 0
codenerd/internal/browser/session_manager.go:1228.83,1229.45 1 1
codenerd/internal/browser/session_manager.go:1229.45,1231.3 1 1
codenerd/internal/browser/session_manager.go:1232.2,1233.9 2 0
codenerd/internal/browser/session_manager.go:1233.9,1235.3 1 0
codenerd/internal/browser/session_manager.go:1236.2,1236.48 1 0
codenerd/internal/browser/session_manager.go:1239.59,1257.49 3 0
codenerd/internal/browser/session_manager.go:1257.49,1259.3 1 0
codenerd/internal/browser/session_manager.go:1260.2,1260.27 1 0
codenerd/internal/browser/session_manager.go:1263.68,1282.2 1 0
codenerd/internal/browser/session_manager.go:1285.50,1286.30 1 1
codenerd/internal/browser/session_manager.go:1286.30,1288.3 1 1
codenerd/internal/browser/session_manager.go:1290.2,1294.33 4 1
codenerd/internal/browser/session_manager.go:1294.33,1296.3 1 1
codenerd/internal/browser/session_manager.go:1298.2,1299.16 2 1
codenerd/internal/browser/session_manager.go:1299.16,1301.3 1 0
codenerd/internal/browser/session_manager.go:1303.2,1303.77 1 1
codenerd/internal/browser/session_manager.go:1303.77,1305.3 1 0
codenerd/internal/browser/session_manager.go:1306.2,1306.54 1 1
codenerd/internal/browser/session_manager.go:1310.53,1311.30 1 1
codenerd/internal/browser/session_manager.go:1311.30,1313.3 1 1
codenerd/internal/browser/session_manager.go:1315.2,1316.16 2 1
codenerd/internal/browser/session_manager.go:1316.16,1317.25 1 1
codenerd/internal/browser/session_manager.go:1317.25,1319.4 1 1
codenerd/internal/browser/session_manager.go:1320.3,1320.13 1 0
codenerd/internal/browser/session_manager.go:1323.2,1324.56 2 1
codenerd/internal/browser/session_manager.go:1324.56,1326.3 1 1
codenerd/internal/browser/session_manager.go:1328.2,1328.29 1 1
codenerd/internal/browser/session_manager.go:1328.29,1331.3 2 1
codenerd/internal/browser/session_manager.go:1332.2,1332.12 1 1
codenerd/internal/browser/session_manager.go:1335.48,1336.27 1 1
codenerd/internal/browser/session_manager.go:1336.27,1337.33 1 1
codenerd/internal/browser/session_manager.go:1337.33,1339.4 1 1
codenerd/internal/browser/session_manager.go:1341.2,1341.11 1 1
codenerd/internal/browser/session_manager.go:1344.40,1353.42 2 1
codenerd/internal/browser/session_manager.go:1353.42,1354.37 1 1
codenerd/internal/browser/session_manager.go:1354.37,1356.4 1 1
codenerd/internal/browser/session_manager.go:1358.2,1358.14 1 1
