# github.com/smacker/go-tree-sitter
In file included from _cgo_export.c:4:
cgo-gcc-export-header-prolog:55:36: warning: redeclaration of 'callReadFunc' should not add 'dllexport' attribute [-Wdll-attribute-on-redeclaration]
C:\Users\smoor\go\pkg\mod\github.com\smacker\go-tree-sitter@v0.0.0-20240827094217-dd81d9e9be82/bindings.h:14:14: note: previous declaration is here
=== RUN   TestReviewerCapabilities
    reviewer_capabilities_test.go:84: Failed to assert fact git_history("hero.go", "hash1", "TheHero", 10, "msg").: failed to analyze program: predicate permitted(A0, A1, A2) declared more than once, previous was {permitted(ActionType,Target,Payload) [doc("")] [] <nil>}
--- FAIL: TestReviewerCapabilities (0.16s)
FAIL
FAIL	codenerd/internal/world	0.210s
FAIL
