campaign/5 atom,atom,string,string,atom
campaign_goal/2 atom,string
campaign_metadata/4 atom,number,number,number
campaign_phase/6 atom,atom,string,number,atom,atom
campaign_progress/5 atom,number,number,number,number
campaign_task/5 atom,atom,string,atom,atom
context_compression/4 atom,string,number,number
context_profile/4 atom,string,string,string
phase_category/2 atom,atom
phase_dependency/3 atom,atom,atom
phase_estimate/3 atom,number,atom
phase_objective/4 atom,atom,string,atom
requires_resource/2 atom,string
source_document/4 atom,string,atom,number
task_artifact/4 atom,atom,string,string
task_attempt/4 atom,number,atom,number
task_dependency/2 atom,atom
task_error/3 atom,string,string
task_inference/4 atom,atom,number,string
task_order/2 atom,number
task_priority/2 atom,atom
task_retry_at/2 atom,number
task_soft_dependency/2 atom,atom
task_sub_campaign/2 atom,atom
task_write_target/2 atom,string
