2026/05/19 14:57:39.740433 [INFO] APIScheduler: global config set (max_slots=5)
2026/05/19 14:57:39.810821 [INFO] APIScheduler: initialized global instance (max_slots=5)
2026/05/19 14:57:39.810821 [INFO] APIScheduler: registered shard main (type=unknown)
2026/05/19 14:57:39.810821 [INFO] APIScheduler: registered shard shards (type=unknown)
2026/05/19 14:57:52.056351 [INFO] Creating new ShardManager
2026/05/19 14:57:52.056351 [DEBUG] ShardManager initialized with empty maps
2026/05/19 14:57:52.056351 [DEBUG] VirtualStore attached to ShardManager
2026/05/19 14:57:57.070566 [INFO] Creating new ShardManager
2026/05/19 14:57:57.071092 [DEBUG] ShardManager initialized with empty maps
2026/05/19 14:57:57.071092 [DEBUG] Parent kernel attached to ShardManager
2026/05/19 14:57:57.071092 [DEBUG] LimitsEnforcer attached to ShardManager
2026/05/19 14:57:57.071092 [DEBUG] SpawnQueue attached to ShardManager
2026/05/19 14:57:57.071092 [INFO] SpawnQueue: started with 2 workers, max_queue=100, high_water=70%
2026/05/19 14:57:57.071092 [DEBUG] SpawnQueue: worker 0 started
2026/05/19 14:57:57.071092 [DEBUG] SpawnQueue: worker 1 started
2026/05/19 14:58:00.861841 [INFO] Defined shard profile: bubbleteaexpert (type: user)
2026/05/19 14:58:00.862373 [INFO] Defined shard profile: cobraexpert (type: user)
2026/05/19 14:58:00.864876 [INFO] Defined shard profile: goexpert (type: user)
2026/05/19 14:58:00.866409 [INFO] Defined shard profile: mangleexpert (type: user)
2026/05/19 14:58:00.868028 [INFO] Defined shard profile: rodexpert (type: user)
2026/05/19 14:58:00.870323 [INFO] Defined shard profile: securityauditor (type: user)
2026/05/19 14:58:00.871884 [INFO] Defined shard profile: testarchitect (type: user)
2026/05/19 14:58:00.871884 [DEBUG] VirtualStore attached to ShardManager
2026/05/19 14:58:00.871884 [INFO] Registered shard factory: requirements_interrogator
2026/05/19 14:58:00.871884 [INFO] Registered shard factory: perception_firewall
2026/05/19 14:58:00.871884 [INFO] Registered shard factory: world_model_ingestor
2026/05/19 14:58:00.871884 [INFO] Registered shard factory: executive_policy
2026/05/19 14:58:00.871884 [INFO] Registered shard factory: constitution_gate
2026/05/19 14:58:00.871884 [INFO] Registered shard factory: legislator
2026/05/19 14:58:00.871884 [INFO] Registered shard factory: mangle_repair
2026/05/19 14:58:00.871884 [INFO] Registered shard factory: tactile_router
2026/05/19 14:58:00.871884 [INFO] Registered shard factory: campaign_runner
2026/05/19 14:58:00.871884 [INFO] Registered shard factory: session_planner
2026/05/19 14:58:00.871884 [INFO] Defined shard profile: requirements_interrogator (type: ephemeral)
2026/05/19 14:58:00.871884 [INFO] Defined shard profile: perception_firewall (type: system)
2026/05/19 14:58:00.871884 [INFO] Defined shard profile: world_model_ingestor (type: system)
2026/05/19 14:58:00.871884 [INFO] Defined shard profile: executive_policy (type: system)
2026/05/19 14:58:00.871884 [INFO] Defined shard profile: constitution_gate (type: system)
2026/05/19 14:58:00.871884 [INFO] Defined shard profile: mangle_repair (type: system)
2026/05/19 14:58:00.871884 [INFO] Defined shard profile: tactile_router (type: system)
2026/05/19 14:58:00.871884 [INFO] Defined shard profile: session_planner (type: system)
2026/05/19 14:58:00.871884 [INFO] Defined shard profile: campaign_runner (type: system)
2026/05/19 14:58:00.871884 [INFO] Defined shard profile: legislator (type: system)
2026/05/19 14:58:00.871884 [DEBUG] JIT registrar callback set
2026/05/19 14:58:00.871884 [DEBUG] JIT unregistrar callback set
2026/05/19 14:58:00.871884 [INFO] Registered shard factory: tactile_router
2026/05/19 14:58:00.871884 [INFO] Registered shard factory: campaign_runner
2026/05/19 14:58:00.872418 [DEBUG] SpawnQueue: queued request spawn-1 (type=constitution_gate, priority=critical)
2026/05/19 14:58:00.872418 [DEBUG] SpawnQueue: queued request spawn-2 (type=perception_firewall, priority=critical)
2026/05/19 14:58:00.872418 [DEBUG] SpawnQueue: queued request spawn-3 (type=executive_policy, priority=critical)
2026/05/19 14:58:00.872418 [DEBUG] SpawnQueue: queued request spawn-4 (type=mangle_repair, priority=critical)
2026/05/19 14:58:00.872418 [DEBUG] StartSystemShards completed in 534µs
2026/05/19 14:58:00.872418 [DEBUG] TransparencyManager attached to ShardManager
2026/05/19 14:58:00.872418 [DEBUG] LearningStore attached to ShardManager
2026/05/19 14:58:00.904195 [DEBUG] SpawnQueue: worker 1 processing request spawn-1 (type=constitution_gate, priority=critical, queued=31.7764ms)
2026/05/19 14:58:00.904195 [DEBUG] SpawnQueue: worker 0 processing request spawn-2 (type=perception_firewall, priority=critical, queued=31.7764ms)
2026/05/19 14:58:00.904195 [INFO] SpawnAsyncWithContext: initiating constitution_gate shard
2026/05/19 14:58:00.904195 [INFO] SpawnAsyncWithContext: initiating perception_firewall shard
2026/05/19 14:58:03.646572 [DEBUG] queryToolsFromKernel: querying tool_registered predicate
2026/05/19 14:58:05.042389 [DEBUG] queryToolsFromKernel: found 6 registered tools
2026/05/19 14:58:10.306939 [DEBUG] SpawnQueue: worker 1 processing request spawn-3 (type=executive_policy, priority=critical, queued=9.4345209s)
2026/05/19 14:58:14.418426 [DEBUG] queryToolsFromKernel: querying tool_registered predicate
2026/05/19 14:58:14.418426 [DEBUG] queryToolsFromKernel: found 8 registered tools
2026/05/19 14:58:26.363734 [DEBUG] SpawnQueue: worker 0 processing request spawn-4 (type=mangle_repair, priority=critical, queued=25.4913155s)
2026/05/19 14:58:26.363734 [INFO] SpawnAsyncWithContext: initiating mangle_repair shard
2026/05/19 14:58:26.363734 [INFO] SpawnAsyncWithContext: initiating executive_policy shard
2026/05/19 14:58:28.990001 [DEBUG] queryToolsFromKernel: querying tool_registered predicate
2026/05/19 14:58:30.280568 [DEBUG] queryToolsFromKernel: found 10 registered tools
2026/05/19 14:58:48.128237 [INFO] Registered shard factory: tactile_router
2026/05/19 14:58:50.910708 [DEBUG] queryToolsFromKernel: querying tool_registered predicate
2026/05/19 14:58:52.211965 [DEBUG] queryToolsFromKernel: found 10 registered tools
2026/05/19 15:01:48.671304 [INFO] Defined shard profile: BubbleTeaExpert (type: persistent)
2026/05/19 15:01:48.671304 [INFO] Defined shard profile: CobraExpert (type: persistent)
2026/05/19 15:01:48.671304 [INFO] Defined shard profile: GoExpert (type: persistent)
2026/05/19 15:01:48.671304 [INFO] Defined shard profile: MangleExpert (type: persistent)
2026/05/19 15:01:48.671304 [INFO] Defined shard profile: RodExpert (type: persistent)
2026/05/19 15:01:48.671304 [INFO] Defined shard profile: securityauditor (type: user)
2026/05/19 15:01:48.671304 [INFO] Defined shard profile: testarchitect (type: user)
2026/05/19 15:01:48.671304 [DEBUG] Session ID set: session-1779217308616051000
2026/05/19 15:01:48.684576 [DEBUG] LearningStore attached to ShardManager
2026/05/19 15:01:48.685144 [DEBUG] Session ID set: session-1779217308616051000
2026/05/19 15:02:21.509254 [DEBUG] APIScheduler: shard main released slot (total_calls=1)
