2026/05/19 15:33:44.498079 [DEBUG] Registered tool: read_file (category=/code, priority=90)
2026/05/19 15:33:44.498609 [DEBUG] Registered tool: write_file (category=/code, priority=80)
2026/05/19 15:33:44.498609 [DEBUG] Registered tool: edit_file (category=/code, priority=85)
2026/05/19 15:33:44.498609 [DEBUG] Registered tool: delete_file (category=/code, priority=50)
2026/05/19 15:33:44.498609 [DEBUG] Registered tool: list_files (category=/code, priority=85)
2026/05/19 15:33:44.498609 [DEBUG] Registered tool: glob (category=/code, priority=85)
2026/05/19 15:33:44.498609 [DEBUG] Registered tool: grep (category=/code, priority=85)
2026/05/19 15:33:44.498609 [DEBUG] Registered tool: search_code (category=/code, priority=85)
2026/05/19 15:33:44.498609 [DEBUG] Registered tool: read_file (category=/code, priority=90)
2026/05/19 15:33:44.498609 [DEBUG] Registered tool: write_file (category=/code, priority=80)
2026/05/19 15:33:44.498609 [DEBUG] Registered tool: edit_file (category=/code, priority=85)
2026/05/19 15:33:44.498609 [DEBUG] Registered tool: delete_file (category=/code, priority=50)
2026/05/19 15:33:44.498609 [DEBUG] Registered tool: list_files (category=/code, priority=85)
2026/05/19 15:33:44.498609 [DEBUG] Registered tool: glob (category=/code, priority=85)
2026/05/19 15:33:44.498609 [DEBUG] Registered tool: grep (category=/code, priority=85)
2026/05/19 15:33:44.498609 [DEBUG] Registered tool: search_code (category=/code, priority=85)
2026/05/19 15:33:44.498609 [DEBUG] Registered tool: run_command (category=/code, priority=70)
2026/05/19 15:33:44.498609 [DEBUG] Registered tool: bash (category=/code, priority=70)
2026/05/19 15:33:44.498609 [DEBUG] Registered tool: run_build (category=/code, priority=75)
2026/05/19 15:33:44.498609 [DEBUG] Registered tool: run_tests (category=/test, priority=75)
2026/05/19 15:33:44.498609 [DEBUG] Registered tool: git_diff (category=/code, priority=70)
2026/05/19 15:33:44.498609 [DEBUG] Registered tool: git_log (category=/code, priority=70)
2026/05/19 15:33:44.498609 [DEBUG] Registered tool: git_operation (category=/code, priority=70)
2026/05/19 15:33:44.498609 [DEBUG] Registered tool: run_command (category=/code, priority=70)
2026/05/19 15:33:44.498609 [DEBUG] Registered tool: bash (category=/code, priority=70)
2026/05/19 15:33:44.498609 [DEBUG] Registered tool: run_build (category=/code, priority=75)
2026/05/19 15:33:44.498609 [DEBUG] Registered tool: run_tests (category=/test, priority=75)
2026/05/19 15:33:44.498609 [DEBUG] Registered tool: git_diff (category=/code, priority=70)
2026/05/19 15:33:44.498609 [DEBUG] Registered tool: git_log (category=/code, priority=70)
2026/05/19 15:33:44.498609 [DEBUG] Registered tool: git_operation (category=/code, priority=70)
2026/05/19 15:33:44.498609 [DEBUG] Registered tool: get_elements (category=/code, priority=80)
2026/05/19 15:33:44.498609 [DEBUG] Registered tool: get_element (category=/code, priority=80)
2026/05/19 15:33:44.498609 [DEBUG] Registered tool: edit_lines (category=/code, priority=80)
2026/05/19 15:33:44.498609 [DEBUG] Registered tool: insert_lines (category=/code, priority=80)
2026/05/19 15:33:44.498609 [DEBUG] Registered tool: delete_lines (category=/code, priority=75)
2026/05/19 15:33:44.498609 [DEBUG] Registered tool: run_impacted_tests (category=/test, priority=60)
2026/05/19 15:33:44.498609 [DEBUG] Registered tool: get_impacted_tests (category=/test, priority=55)
2026/05/19 15:33:44.498609 [DEBUG] Registered tool: get_elements (category=/code, priority=80)
2026/05/19 15:33:44.498609 [DEBUG] Registered tool: get_element (category=/code, priority=80)
2026/05/19 15:33:44.498609 [DEBUG] Registered tool: edit_lines (category=/code, priority=80)
2026/05/19 15:33:44.498609 [DEBUG] Registered tool: insert_lines (category=/code, priority=80)
2026/05/19 15:33:44.498609 [DEBUG] Registered tool: delete_lines (category=/code, priority=75)
2026/05/19 15:33:44.498609 [DEBUG] Registered tool: run_impacted_tests (category=/test, priority=60)
2026/05/19 15:33:44.498609 [DEBUG] Registered tool: get_impacted_tests (category=/test, priority=55)
2026/05/19 15:33:44.498609 [DEBUG] Registered tool: context7_fetch (category=/research, priority=80)
2026/05/19 15:33:44.498609 [DEBUG] Registered tool: web_search (category=/research, priority=75)
2026/05/19 15:33:44.498609 [DEBUG] Registered tool: web_fetch (category=/research, priority=70)
2026/05/19 15:33:44.499135 [DEBUG] Registered tool: browser_navigate (category=/research, priority=60)
2026/05/19 15:33:44.499135 [DEBUG] Registered tool: browser_extract (category=/research, priority=55)
2026/05/19 15:33:44.499135 [DEBUG] Registered tool: browser_screenshot (category=/research, priority=50)
2026/05/19 15:33:44.499135 [DEBUG] Registered tool: browser_click (category=/research, priority=50)
2026/05/19 15:33:44.499135 [DEBUG] Registered tool: browser_type (category=/research, priority=50)
2026/05/19 15:33:44.499135 [DEBUG] Registered tool: browser_close (category=/research, priority=40)
2026/05/19 15:33:44.499135 [DEBUG] Registered tool: research_cache_get (category=/research, priority=90)
2026/05/19 15:33:44.499135 [DEBUG] Registered tool: research_cache_set (category=/research, priority=40)
2026/05/19 15:33:44.499135 [DEBUG] Registered tool: research_cache_clear (category=/research, priority=30)
2026/05/19 15:33:44.499135 [DEBUG] Registered tool: research_cache_stats (category=/research, priority=30)
2026/05/19 15:33:44.499135 [DEBUG] Registered tool: context7_fetch (category=/research, priority=80)
2026/05/19 15:33:44.499135 [DEBUG] Registered tool: web_search (category=/research, priority=75)
2026/05/19 15:33:44.499135 [DEBUG] Registered tool: web_fetch (category=/research, priority=70)
2026/05/19 15:33:44.499135 [DEBUG] Registered tool: browser_navigate (category=/research, priority=60)
2026/05/19 15:33:44.499135 [DEBUG] Registered tool: browser_extract (category=/research, priority=55)
2026/05/19 15:33:44.499135 [DEBUG] Registered tool: browser_screenshot (category=/research, priority=50)
2026/05/19 15:33:44.499135 [DEBUG] Registered tool: browser_click (category=/research, priority=50)
2026/05/19 15:33:44.499135 [DEBUG] Registered tool: browser_type (category=/research, priority=50)
2026/05/19 15:33:44.499135 [DEBUG] Registered tool: browser_close (category=/research, priority=40)
2026/05/19 15:33:44.499135 [DEBUG] Registered tool: research_cache_get (category=/research, priority=90)
2026/05/19 15:33:44.499135 [DEBUG] Registered tool: research_cache_set (category=/research, priority=40)
2026/05/19 15:33:44.499135 [DEBUG] Registered tool: research_cache_clear (category=/research, priority=30)
2026/05/19 15:33:44.499135 [DEBUG] Registered tool: research_cache_stats (category=/research, priority=30)
2026/05/19 15:34:10.906773 [DEBUG] RestoreFromStaticDefs: restoring 6 static tool definitions
2026/05/19 15:34:17.214439 [INFO] RestoreFromStaticDefs: restored 6 tools (18 facts, 1 evaluation)
2026/05/19 15:34:17.214946 [DEBUG] RestoreFromDisk: restoring tools from C:\CodeProjects\codeNERD\.nerd\tools\.compiled
2026/05/19 15:34:21.128280 [INFO] RestoreFromDisk: restored 8 tools (16 facts, 1 evaluation) from C:\CodeProjects\codeNERD\.nerd\tools\.compiled
2026/05/19 15:34:21.128280 [DEBUG] SyncFromOuroboros: syncing 5 tools from Ouroboros
2026/05/19 15:34:22.420356 [INFO] SyncFromOuroboros: synced 5 tools (15 facts, 1 evaluation)
